<?xml version="1.0" encoding="UTF-8" standalone="no"?>
<!DOCTYPE log SYSTEM "logger.dtd">
<log>
<record>
  <date>2025-05-06T10:58:06.191249800Z</date>
  <millis>1746529086191</millis>
  <nanos>249800</nanos>
  <sequence>0</sequence>
  <logger>collection.ServerLogger</logger>
  <level>INFO</level>
  <class>file.FileManager</class>
  <method>loadCSV</method>
  <thread>1</thread>
  <message>Загружена коллекция из 3 драконов.</message>
</record>
<record>
  <date>2025-05-06T10:58:06.264260600Z</date>
  <millis>1746529086264</millis>
  <nanos>260600</nanos>
  <sequence>1</sequence>
  <logger>collection.ServerLogger</logger>
  <level>INFO</level>
  <class>connection.Server</class>
  <method>run</method>
  <thread>1</thread>
  <message>Сервер запущен на порту 21213</message>
</record>
<record>
  <date>2025-05-06T10:58:08.953856900Z</date>
  <millis>1746529088953</millis>
  <nanos>856900</nanos>
  <sequence>2</sequence>
  <logger>collection.ServerLogger</logger>
  <level>INFO</level>
  <class>connection.Server</class>
  <method>handleClientConnection</method>
  <thread>1</thread>
  <message>Подключен клиент: /192.168.56.1:62964</message>
</record>
<record>
  <date>2025-05-06T10:58:10.400336700Z</date>
  <millis>1746529090400</millis>
  <nanos>336700</nanos>
  <sequence>3</sequence>
  <logger>collection.ServerLogger</logger>
  <level>INFO</level>
  <class>connection.Server</class>
  <method>lambda$handleClientConnection$3</method>
  <thread>17</thread>
  <message>Клиент отключился: /192.168.56.1:62964</message>
</record>
